edu\sdccd\cisc191\template\Player$2.class
edu\sdccd\cisc191\template\Enemies\NightLurker.class
edu\sdccd\cisc191\template\GUI\CharacterCreationMenu.class
edu\sdccd\cisc191\template\Weapons.class
edu\sdccd\cisc191\template\GUI\SpellsMenu.class
edu\sdccd\cisc191\template\TextDisplay$1.class
edu\sdccd\cisc191\template\GUI\ExploreMenu.class
edu\sdccd\cisc191\template\Effects\Bleed.class
edu\sdccd\cisc191\template\QuoteFetcher.class
edu\sdccd\cisc191\template\LeaderboardSystem\Database.class
edu\sdccd\cisc191\template\Server.class
edu\sdccd\cisc191\template\GUI\GUIController.class
edu\sdccd\cisc191\template\GUI\StatusMenu.class
edu\sdccd\cisc191\template\Entity.class
edu\sdccd\cisc191\template\Enemies\Enemy.class
edu\sdccd\cisc191\template\Spells.class
edu\sdccd\cisc191\template\Tools.class
edu\sdccd\cisc191\template\TextDisplay.class
edu\sdccd\cisc191\template\Items.class
edu\sdccd\cisc191\template\Effects\DefenseUp.class
edu\sdccd\cisc191\template\Launcher.class
edu\sdccd\cisc191\template\Enemies\Enemy$1.class
edu\sdccd\cisc191\template\Inventory.class
edu\sdccd\cisc191\template\GUI\DeathMenu.class
edu\sdccd\cisc191\template\Enemies\Prowler.class
edu\sdccd\cisc191\template\Effects\StatusEffect.class
edu\sdccd\cisc191\template\Enemies\Goblin.class
edu\sdccd\cisc191\template\Effects\StatusEffectsHandler.class
edu\sdccd\cisc191\template\Player$1.class
edu\sdccd\cisc191\template\GUI\CombatMenu$2.class
edu\sdccd\cisc191\template\Enemies\EnemyInterface.class
edu\sdccd\cisc191\template\Effects\StatusEffectInterface.class
edu\sdccd\cisc191\template\GUI\CombatMenu.class
edu\sdccd\cisc191\template\PromptController.class
edu\sdccd\cisc191\template\Abilities.class
edu\sdccd\cisc191\template\GUI\ItemMenu.class
edu\sdccd\cisc191\template\GUI\EventMenu$1.class
edu\sdccd\cisc191\template\Enemies\Grogoroth.class
edu\sdccd\cisc191\template\PromptDisplay$1.class
edu\sdccd\cisc191\template\GUI\LeaderboardMenu.class
edu\sdccd\cisc191\template\GUI\EventMenu.class
edu\sdccd\cisc191\template\Enemies\EnemyHandler.class
edu\sdccd\cisc191\template\GUI\CombatMenu$1.class
edu\sdccd\cisc191\template\Player.class
edu\sdccd\cisc191\template\PromptDisplay.class
edu\sdccd\cisc191\template\GameData.class
edu\sdccd\cisc191\template\Enemies\Minotaur.class
