E:\Java Game\CISC191-FinalProjectTemplate\Server\src\main\java\edu\sdccd\cisc191\template\Effects\StatusEffectsHandler.java
E:\Java Game\CISC191-FinalProjectTemplate\Server\src\main\java\edu\sdccd\cisc191\template\GameData.java
E:\Java Game\CISC191-FinalProjectTemplate\Server\src\main\java\edu\sdccd\cisc191\template\GUI\ExploreMenu.java
E:\Java Game\CISC191-FinalProjectTemplate\Server\src\main\java\edu\sdccd\cisc191\template\GUI\DeathMenu.java
E:\Java Game\CISC191-FinalProjectTemplate\Server\src\main\java\edu\sdccd\cisc191\template\QuoteFetcher.java
E:\Java Game\CISC191-FinalProjectTemplate\Server\src\main\java\edu\sdccd\cisc191\template\Effects\StatusEffect.java
E:\Java Game\CISC191-FinalProjectTemplate\Server\src\main\java\edu\sdccd\cisc191\template\Launcher.java
E:\Java Game\CISC191-FinalProjectTemplate\Server\src\main\java\edu\sdccd\cisc191\template\GUI\CharacterCreationMenu.java
E:\Java Game\CISC191-FinalProjectTemplate\Server\src\main\java\edu\sdccd\cisc191\template\GUI\ItemMenu.java
E:\Java Game\CISC191-FinalProjectTemplate\Server\src\main\java\edu\sdccd\cisc191\template\Server.java
E:\Java Game\CISC191-FinalProjectTemplate\Server\src\main\java\edu\sdccd\cisc191\template\Entity.java
E:\Java Game\CISC191-FinalProjectTemplate\Server\src\main\java\edu\sdccd\cisc191\template\Enemies\Goblin.java
E:\Java Game\CISC191-FinalProjectTemplate\Server\src\main\java\edu\sdccd\cisc191\template\Effects\DefenseUp.java
E:\Java Game\CISC191-FinalProjectTemplate\Server\src\main\java\edu\sdccd\cisc191\template\Enemies\Prowler.java
E:\Java Game\CISC191-FinalProjectTemplate\Server\src\main\java\edu\sdccd\cisc191\template\LeaderboardSystem\Database.java
E:\Java Game\CISC191-FinalProjectTemplate\Server\src\main\java\edu\sdccd\cisc191\template\Items.java
E:\Java Game\CISC191-FinalProjectTemplate\Server\src\main\java\edu\sdccd\cisc191\template\Enemies\NightLurker.java
E:\Java Game\CISC191-FinalProjectTemplate\Server\src\main\java\edu\sdccd\cisc191\template\Enemies\EnemyInterface.java
E:\Java Game\CISC191-FinalProjectTemplate\Server\src\main\java\edu\sdccd\cisc191\template\Tools.java
E:\Java Game\CISC191-FinalProjectTemplate\Server\src\main\java\edu\sdccd\cisc191\template\GUI\GUIController.java
E:\Java Game\CISC191-FinalProjectTemplate\Server\src\main\java\edu\sdccd\cisc191\template\Effects\StatusEffectInterface.java
E:\Java Game\CISC191-FinalProjectTemplate\Server\src\main\java\edu\sdccd\cisc191\template\GUI\StatusMenu.java
E:\Java Game\CISC191-FinalProjectTemplate\Server\src\main\java\edu\sdccd\cisc191\template\Enemies\EnemyHandler.java
E:\Java Game\CISC191-FinalProjectTemplate\Server\src\main\java\edu\sdccd\cisc191\template\Effects\Bleed.java
E:\Java Game\CISC191-FinalProjectTemplate\Server\src\main\java\edu\sdccd\cisc191\template\Inventory.java
E:\Java Game\CISC191-FinalProjectTemplate\Server\src\main\java\edu\sdccd\cisc191\template\Spells.java
E:\Java Game\CISC191-FinalProjectTemplate\Server\src\main\java\edu\sdccd\cisc191\template\TextDisplay.java
E:\Java Game\CISC191-FinalProjectTemplate\Server\src\main\java\edu\sdccd\cisc191\template\PromptController.java
E:\Java Game\CISC191-FinalProjectTemplate\Server\src\main\java\edu\sdccd\cisc191\template\PromptDisplay.java
E:\Java Game\CISC191-FinalProjectTemplate\Server\src\main\java\edu\sdccd\cisc191\template\GUI\EventMenu.java
E:\Java Game\CISC191-FinalProjectTemplate\Server\src\main\java\edu\sdccd\cisc191\template\Abilities.java
E:\Java Game\CISC191-FinalProjectTemplate\Server\src\main\java\edu\sdccd\cisc191\template\Enemies\Grogoroth.java
E:\Java Game\CISC191-FinalProjectTemplate\Server\src\main\java\edu\sdccd\cisc191\template\GUI\LeaderboardMenu.java
E:\Java Game\CISC191-FinalProjectTemplate\Server\src\main\java\edu\sdccd\cisc191\template\Weapons.java
E:\Java Game\CISC191-FinalProjectTemplate\Server\src\main\java\edu\sdccd\cisc191\template\GUI\CombatMenu.java
E:\Java Game\CISC191-FinalProjectTemplate\Server\src\main\java\edu\sdccd\cisc191\template\GUI\SpellsMenu.java
E:\Java Game\CISC191-FinalProjectTemplate\Server\src\main\java\edu\sdccd\cisc191\template\Player.java
E:\Java Game\CISC191-FinalProjectTemplate\Server\src\main\java\edu\sdccd\cisc191\template\Enemies\Enemy.java
E:\Java Game\CISC191-FinalProjectTemplate\Server\src\main\java\edu\sdccd\cisc191\template\Enemies\Minotaur.java
